// Vitest Snapshot v1, https://vitest.dev/guide/snapshot.html

exports[`renderEmailShell > matches the HTML snapshot 1`] = `
"<!DOCTYPE html>
<html lang="en">
<head>
<meta charset="utf-8" />
<meta name="viewport" content="width=device-width, initial-scale=1.0" />
<title>Snapshot preview</title>
</head>
<body style="margin:0;padding:0;background-color:#0f0f10;font-family:-apple-system,BlinkMacSystemFont,'Segoe UI',Roboto,Helvetica,Arial,sans-serif;">
<!-- Preheader: hidden preview text for the inbox list. -->
<div style="display:none;max-height:0;overflow:hidden;opacity:0;">Snapshot preview</div>
<table role="presentation" width="100%" cellpadding="0" cellspacing="0" style="background-color:#0f0f10;padding:32px 16px;">
<tr>
<td align="center">
<table role="presentation" width="100%" cellpadding="0" cellspacing="0" style="max-width:560px;background-color:#212122;border-radius:16px;overflow:hidden;">
<tr>
<td style="padding:32px 32px 0 32px;" align="left">
<img src="https://www.armoryhq.dev/email/armory-logo.png" width="40" height="40" alt="Armory" style="display:block;border:0;border-radius:9px;" />
</td>
</tr>
<tr>
<td style="padding:24px 32px 32px 32px;color:#f0f0f1;font-size:15px;line-height:1.6;">
<p>Snapshot body</p>
</td>
</tr>
<tr>
<td style="padding:20px 32px;border-top:1px solid rgba(255,255,255,0.08);color:#b6b6b8;font-size:12px;">
Armory &middot; <a href="https://www.armoryhq.dev" style="color:#3ddc80;text-decoration:none;">armoryhq.dev</a>
</td>
</tr>
</table>
</td>
</tr>
</table>
</body>
</html>"
`;
